[0.019s] Invoking command in '/home/rmadmin/Nav27/ObsMap/src/RogMap_2D/build/rog_map': CMAKE_PREFIX_PATH=${CMAKE_PREFIX_PATH}:/opt/ros/jazzy DEBUGINFOD_URLS=https://debuginfod.ubuntu.com /usr/bin/cmake --build /home/rmadmin/Nav27/ObsMap/src/RogMap_2D/build/rog_map -- -j16 -l16
[0.185s] [ 83%] Built target rog_map
[0.241s] [100%] Built target rog_map_node
[0.253s] Invoked command in '/home/rmadmin/Nav27/ObsMap/src/RogMap_2D/build/rog_map' returned '0': CMAKE_PREFIX_PATH=${CMAKE_PREFIX_PATH}:/opt/ros/jazzy DEBUGINFOD_URLS=https://debuginfod.ubuntu.com /usr/bin/cmake --build /home/rmadmin/Nav27/ObsMap/src/RogMap_2D/build/rog_map -- -j16 -l16
[0.269s] Invoking command in '/home/rmadmin/Nav27/ObsMap/src/RogMap_2D/build/rog_map': CMAKE_PREFIX_PATH=${CMAKE_PREFIX_PATH}:/opt/ros/jazzy DEBUGINFOD_URLS=https://debuginfod.ubuntu.com /usr/bin/cmake --install /home/rmadmin/Nav27/ObsMap/src/RogMap_2D/build/rog_map
[0.284s] -- Install configuration: "Release"
[0.284s] -- Up-to-date: /home/rmadmin/Nav27/ObsMap/src/RogMap_2D/install/rog_map/lib/librog_map.a
[0.285s] -- Up-to-date: /home/rmadmin/Nav27/ObsMap/src/RogMap_2D/install/rog_map/lib/rog_map/rog_map_node
[0.285s] -- Up-to-date: /home/rmadmin/Nav27/ObsMap/src/RogMap_2D/install/rog_map/include/rog_map
[0.285s] -- Up-to-date: /home/rmadmin/Nav27/ObsMap/src/RogMap_2D/install/rog_map/include/rog_map/super_utils
[0.285s] -- Up-to-date: /home/rmadmin/Nav27/ObsMap/src/RogMap_2D/install/rog_map/include/rog_map/super_utils/type_utils.hpp
[0.285s] -- Up-to-date: /home/rmadmin/Nav27/ObsMap/src/RogMap_2D/install/rog_map/include/rog_map/super_utils/backward.hpp
[0.285s] -- Up-to-date: /home/rmadmin/Nav27/ObsMap/src/RogMap_2D/install/rog_map/include/rog_map/super_utils/color_text.hpp
[0.285s] -- Up-to-date: /home/rmadmin/Nav27/ObsMap/src/RogMap_2D/install/rog_map/include/rog_map/super_utils/yaml_loader.hpp
[0.286s] -- Up-to-date: /home/rmadmin/Nav27/ObsMap/src/RogMap_2D/install/rog_map/include/rog_map/super_utils/tinycolormap.hpp
[0.286s] -- Up-to-date: /home/rmadmin/Nav27/ObsMap/src/RogMap_2D/install/rog_map/include/rog_map/super_utils/color_msg_utils.hpp
[0.286s] -- Up-to-date: /home/rmadmin/Nav27/ObsMap/src/RogMap_2D/install/rog_map/include/rog_map/super_utils/README.md
[0.286s] -- Up-to-date: /home/rmadmin/Nav27/ObsMap/src/RogMap_2D/install/rog_map/include/rog_map/super_utils/scope_timer.hpp
[0.286s] -- Up-to-date: /home/rmadmin/Nav27/ObsMap/src/RogMap_2D/install/rog_map/include/rog_map/super_utils/eigen_alias.hpp
[0.287s] -- Up-to-date: /home/rmadmin/Nav27/ObsMap/src/RogMap_2D/install/rog_map/include/rog_map/super_utils/fmt_eigen.hpp
[0.287s] -- Up-to-date: /home/rmadmin/Nav27/ObsMap/src/RogMap_2D/install/rog_map/include/rog_map/fmt
[0.287s] -- Up-to-date: /home/rmadmin/Nav27/ObsMap/src/RogMap_2D/install/rog_map/include/rog_map/fmt/chrono.h
[0.287s] -- Up-to-date: /home/rmadmin/Nav27/ObsMap/src/RogMap_2D/install/rog_map/include/rog_map/fmt/ostream.h
[0.287s] -- Up-to-date: /home/rmadmin/Nav27/ObsMap/src/RogMap_2D/install/rog_map/include/rog_map/fmt/ranges.h
[0.288s] -- Up-to-date: /home/rmadmin/Nav27/ObsMap/src/RogMap_2D/install/rog_map/include/rog_map/fmt/core.h
[0.288s] -- Up-to-date: /home/rmadmin/Nav27/ObsMap/src/RogMap_2D/install/rog_map/include/rog_map/fmt/format.h
[0.288s] -- Up-to-date: /home/rmadmin/Nav27/ObsMap/src/RogMap_2D/install/rog_map/include/rog_map/fmt/args.h
[0.288s] -- Up-to-date: /home/rmadmin/Nav27/ObsMap/src/RogMap_2D/install/rog_map/include/rog_map/fmt/color.h
[0.289s] -- Up-to-date: /home/rmadmin/Nav27/ObsMap/src/RogMap_2D/install/rog_map/include/rog_map/fmt/format-inl.h
[0.289s] -- Up-to-date: /home/rmadmin/Nav27/ObsMap/src/RogMap_2D/install/rog_map/include/rog_map/fmt/std.h
[0.289s] -- Up-to-date: /home/rmadmin/Nav27/ObsMap/src/RogMap_2D/install/rog_map/include/rog_map/fmt/compile.h
[0.289s] -- Up-to-date: /home/rmadmin/Nav27/ObsMap/src/RogMap_2D/install/rog_map/include/rog_map/fmt/xchar.h
[0.290s] -- Up-to-date: /home/rmadmin/Nav27/ObsMap/src/RogMap_2D/install/rog_map/include/rog_map/fmt/printf.h
[0.290s] -- Up-to-date: /home/rmadmin/Nav27/ObsMap/src/RogMap_2D/install/rog_map/include/rog_map/fmt/os.h
[0.290s] -- Up-to-date: /home/rmadmin/Nav27/ObsMap/src/RogMap_2D/install/rog_map/include/rog_map/rog_map_ros
[0.291s] -- Up-to-date: /home/rmadmin/Nav27/ObsMap/src/RogMap_2D/install/rog_map/include/rog_map/rog_map_ros/rog_map_ros1.hpp
[0.291s] -- Up-to-date: /home/rmadmin/Nav27/ObsMap/src/RogMap_2D/install/rog_map/include/rog_map/rog_map_ros/rog_map_ros2.hpp
[0.291s] -- Up-to-date: /home/rmadmin/Nav27/ObsMap/src/RogMap_2D/install/rog_map/include/rog_map/rog_map
[0.292s] -- Up-to-date: /home/rmadmin/Nav27/ObsMap/src/RogMap_2D/install/rog_map/include/rog_map/rog_map/free_cnt_map.h
[0.292s] -- Up-to-date: /home/rmadmin/Nav27/ObsMap/src/RogMap_2D/install/rog_map/include/rog_map/rog_map/rog_map_core
[0.292s] -- Up-to-date: /home/rmadmin/Nav27/ObsMap/src/RogMap_2D/install/rog_map/include/rog_map/rog_map/rog_map_core/counter_map.h
[0.292s] -- Up-to-date: /home/rmadmin/Nav27/ObsMap/src/RogMap_2D/install/rog_map/include/rog_map/rog_map/rog_map_core/raycaster.h
[0.292s] -- Up-to-date: /home/rmadmin/Nav27/ObsMap/src/RogMap_2D/install/rog_map/include/rog_map/rog_map/rog_map_core/config.hpp
[0.293s] -- Up-to-date: /home/rmadmin/Nav27/ObsMap/src/RogMap_2D/install/rog_map/include/rog_map/rog_map/rog_map_core/sliding_map.h
[0.293s] -- Up-to-date: /home/rmadmin/Nav27/ObsMap/src/RogMap_2D/install/rog_map/include/rog_map/rog_map/rog_map_core/common_lib.hpp
[0.293s] -- Up-to-date: /home/rmadmin/Nav27/ObsMap/src/RogMap_2D/install/rog_map/include/rog_map/rog_map/rog_map_core/raycaster.cpp
[0.293s] -- Up-to-date: /home/rmadmin/Nav27/ObsMap/src/RogMap_2D/install/rog_map/include/rog_map/rog_map/inf_map.h
[0.293s] -- Up-to-date: /home/rmadmin/Nav27/ObsMap/src/RogMap_2D/install/rog_map/include/rog_map/rog_map/esdf_map.h
[0.293s] -- Up-to-date: /home/rmadmin/Nav27/ObsMap/src/RogMap_2D/install/rog_map/include/rog_map/rog_map/projection2d.h
[0.294s] -- Up-to-date: /home/rmadmin/Nav27/ObsMap/src/RogMap_2D/install/rog_map/include/rog_map/rog_map/rog_map.h
[0.294s] -- Up-to-date: /home/rmadmin/Nav27/ObsMap/src/RogMap_2D/install/rog_map/include/rog_map/rog_map/prob_map.h
[0.294s] -- Up-to-date: /home/rmadmin/Nav27/ObsMap/src/RogMap_2D/install/rog_map/share/rog_map//launch
[0.294s] -- Up-to-date: /home/rmadmin/Nav27/ObsMap/src/RogMap_2D/install/rog_map/share/rog_map//launch/rog_map.launch.py
[0.295s] -- Up-to-date: /home/rmadmin/Nav27/ObsMap/src/RogMap_2D/install/rog_map/share/rog_map//config
[0.295s] -- Installing: /home/rmadmin/Nav27/ObsMap/src/RogMap_2D/install/rog_map/share/rog_map//config/rog_map.yaml
[0.295s] -- Up-to-date: /home/rmadmin/Nav27/ObsMap/src/RogMap_2D/install/rog_map/share/rog_map//config/visualization.cfg
[0.296s] -- Up-to-date: /home/rmadmin/Nav27/ObsMap/src/RogMap_2D/install/rog_map/share/ament_index/resource_index/package_run_dependencies/rog_map
[0.297s] -- Up-to-date: /home/rmadmin/Nav27/ObsMap/src/RogMap_2D/install/rog_map/share/ament_index/resource_index/parent_prefix_path/rog_map
[0.297s] -- Up-to-date: /home/rmadmin/Nav27/ObsMap/src/RogMap_2D/install/rog_map/share/rog_map/environment/ament_prefix_path.sh
[0.298s] -- Up-to-date: /home/rmadmin/Nav27/ObsMap/src/RogMap_2D/install/rog_map/share/rog_map/environment/ament_prefix_path.dsv
[0.298s] -- Up-to-date: /home/rmadmin/Nav27/ObsMap/src/RogMap_2D/install/rog_map/share/rog_map/environment/path.sh
[0.299s] -- Up-to-date: /home/rmadmin/Nav27/ObsMap/src/RogMap_2D/install/rog_map/share/rog_map/environment/path.dsv
[0.299s] -- Up-to-date: /home/rmadmin/Nav27/ObsMap/src/RogMap_2D/install/rog_map/share/rog_map/local_setup.bash
[0.299s] -- Up-to-date: /home/rmadmin/Nav27/ObsMap/src/RogMap_2D/install/rog_map/share/rog_map/local_setup.sh
[0.299s] -- Up-to-date: /home/rmadmin/Nav27/ObsMap/src/RogMap_2D/install/rog_map/share/rog_map/local_setup.zsh
[0.300s] -- Up-to-date: /home/rmadmin/Nav27/ObsMap/src/RogMap_2D/install/rog_map/share/rog_map/local_setup.dsv
[0.300s] -- Installing: /home/rmadmin/Nav27/ObsMap/src/RogMap_2D/install/rog_map/share/rog_map/package.dsv
[0.300s] -- Up-to-date: /home/rmadmin/Nav27/ObsMap/src/RogMap_2D/install/rog_map/share/ament_index/resource_index/packages/rog_map
[0.301s] -- Up-to-date: /home/rmadmin/Nav27/ObsMap/src/RogMap_2D/install/rog_map/share/rog_map/cmake/rog_mapConfig.cmake
[0.301s] -- Up-to-date: /home/rmadmin/Nav27/ObsMap/src/RogMap_2D/install/rog_map/share/rog_map/cmake/rog_mapConfig-version.cmake
[0.302s] -- Up-to-date: /home/rmadmin/Nav27/ObsMap/src/RogMap_2D/install/rog_map/share/rog_map/package.xml
[0.302s] Invoked command in '/home/rmadmin/Nav27/ObsMap/src/RogMap_2D/build/rog_map' returned '0': CMAKE_PREFIX_PATH=${CMAKE_PREFIX_PATH}:/opt/ros/jazzy DEBUGINFOD_URLS=https://debuginfod.ubuntu.com /usr/bin/cmake --install /home/rmadmin/Nav27/ObsMap/src/RogMap_2D/build/rog_map
