[ 83%] Built target rog_map
[100%] Built target rog_map_node
-- Install configuration: "Release"
-- Up-to-date: /home/rmadmin/Nav27/ObsMap/src/RogMap_2D/install/rog_map/lib/librog_map.a
-- Up-to-date: /home/rmadmin/Nav27/ObsMap/src/RogMap_2D/install/rog_map/lib/rog_map/rog_map_node
-- Up-to-date: /home/rmadmin/Nav27/ObsMap/src/RogMap_2D/install/rog_map/include/rog_map
-- Up-to-date: /home/rmadmin/Nav27/ObsMap/src/RogMap_2D/install/rog_map/include/rog_map/super_utils
-- Up-to-date: /home/rmadmin/Nav27/ObsMap/src/RogMap_2D/install/rog_map/include/rog_map/super_utils/type_utils.hpp
-- Up-to-date: /home/rmadmin/Nav27/ObsMap/src/RogMap_2D/install/rog_map/include/rog_map/super_utils/backward.hpp
-- Up-to-date: /home/rmadmin/Nav27/ObsMap/src/RogMap_2D/install/rog_map/include/rog_map/super_utils/color_text.hpp
-- Up-to-date: /home/rmadmin/Nav27/ObsMap/src/RogMap_2D/install/rog_map/include/rog_map/super_utils/yaml_loader.hpp
-- Up-to-date: /home/rmadmin/Nav27/ObsMap/src/RogMap_2D/install/rog_map/include/rog_map/super_utils/tinycolormap.hpp
-- Up-to-date: /home/rmadmin/Nav27/ObsMap/src/RogMap_2D/install/rog_map/include/rog_map/super_utils/color_msg_utils.hpp
-- Up-to-date: /home/rmadmin/Nav27/ObsMap/src/RogMap_2D/install/rog_map/include/rog_map/super_utils/README.md
-- Up-to-date: /home/rmadmin/Nav27/ObsMap/src/RogMap_2D/install/rog_map/include/rog_map/super_utils/scope_timer.hpp
-- Up-to-date: /home/rmadmin/Nav27/ObsMap/src/RogMap_2D/install/rog_map/include/rog_map/super_utils/eigen_alias.hpp
-- Up-to-date: /home/rmadmin/Nav27/ObsMap/src/RogMap_2D/install/rog_map/include/rog_map/super_utils/fmt_eigen.hpp
-- Up-to-date: /home/rmadmin/Nav27/ObsMap/src/RogMap_2D/install/rog_map/include/rog_map/fmt
-- Up-to-date: /home/rmadmin/Nav27/ObsMap/src/RogMap_2D/install/rog_map/include/rog_map/fmt/chrono.h
-- Up-to-date: /home/rmadmin/Nav27/ObsMap/src/RogMap_2D/install/rog_map/include/rog_map/fmt/ostream.h
-- Up-to-date: /home/rmadmin/Nav27/ObsMap/src/RogMap_2D/install/rog_map/include/rog_map/fmt/ranges.h
-- Up-to-date: /home/rmadmin/Nav27/ObsMap/src/RogMap_2D/install/rog_map/include/rog_map/fmt/core.h
-- Up-to-date: /home/rmadmin/Nav27/ObsMap/src/RogMap_2D/install/rog_map/include/rog_map/fmt/format.h
-- Up-to-date: /home/rmadmin/Nav27/ObsMap/src/RogMap_2D/install/rog_map/include/rog_map/fmt/args.h
-- Up-to-date: /home/rmadmin/Nav27/ObsMap/src/RogMap_2D/install/rog_map/include/rog_map/fmt/color.h
-- Up-to-date: /home/rmadmin/Nav27/ObsMap/src/RogMap_2D/install/rog_map/include/rog_map/fmt/format-inl.h
-- Up-to-date: /home/rmadmin/Nav27/ObsMap/src/RogMap_2D/install/rog_map/include/rog_map/fmt/std.h
-- Up-to-date: /home/rmadmin/Nav27/ObsMap/src/RogMap_2D/install/rog_map/include/rog_map/fmt/compile.h
-- Up-to-date: /home/rmadmin/Nav27/ObsMap/src/RogMap_2D/install/rog_map/include/rog_map/fmt/xchar.h
-- Up-to-date: /home/rmadmin/Nav27/ObsMap/src/RogMap_2D/install/rog_map/include/rog_map/fmt/printf.h
-- Up-to-date: /home/rmadmin/Nav27/ObsMap/src/RogMap_2D/install/rog_map/include/rog_map/fmt/os.h
-- Up-to-date: /home/rmadmin/Nav27/ObsMap/src/RogMap_2D/install/rog_map/include/rog_map/rog_map_ros
-- Up-to-date: /home/rmadmin/Nav27/ObsMap/src/RogMap_2D/install/rog_map/include/rog_map/rog_map_ros/rog_map_ros1.hpp
-- Up-to-date: /home/rmadmin/Nav27/ObsMap/src/RogMap_2D/install/rog_map/include/rog_map/rog_map_ros/rog_map_ros2.hpp
-- Up-to-date: /home/rmadmin/Nav27/ObsMap/src/RogMap_2D/install/rog_map/include/rog_map/rog_map
-- Up-to-date: /home/rmadmin/Nav27/ObsMap/src/RogMap_2D/install/rog_map/include/rog_map/rog_map/free_cnt_map.h
-- Up-to-date: /home/rmadmin/Nav27/ObsMap/src/RogMap_2D/install/rog_map/include/rog_map/rog_map/rog_map_core
-- Up-to-date: /home/rmadmin/Nav27/ObsMap/src/RogMap_2D/install/rog_map/include/rog_map/rog_map/rog_map_core/counter_map.h
-- Up-to-date: /home/rmadmin/Nav27/ObsMap/src/RogMap_2D/install/rog_map/include/rog_map/rog_map/rog_map_core/raycaster.h
-- Up-to-date: /home/rmadmin/Nav27/ObsMap/src/RogMap_2D/install/rog_map/include/rog_map/rog_map/rog_map_core/config.hpp
-- Up-to-date: /home/rmadmin/Nav27/ObsMap/src/RogMap_2D/install/rog_map/include/rog_map/rog_map/rog_map_core/sliding_map.h
-- Up-to-date: /home/rmadmin/Nav27/ObsMap/src/RogMap_2D/install/rog_map/include/rog_map/rog_map/rog_map_core/common_lib.hpp
-- Up-to-date: /home/rmadmin/Nav27/ObsMap/src/RogMap_2D/install/rog_map/include/rog_map/rog_map/rog_map_core/raycaster.cpp
-- Up-to-date: /home/rmadmin/Nav27/ObsMap/src/RogMap_2D/install/rog_map/include/rog_map/rog_map/inf_map.h
-- Up-to-date: /home/rmadmin/Nav27/ObsMap/src/RogMap_2D/install/rog_map/include/rog_map/rog_map/esdf_map.h
-- Up-to-date: /home/rmadmin/Nav27/ObsMap/src/RogMap_2D/install/rog_map/include/rog_map/rog_map/projection2d.h
-- Up-to-date: /home/rmadmin/Nav27/ObsMap/src/RogMap_2D/install/rog_map/include/rog_map/rog_map/rog_map.h
-- Up-to-date: /home/rmadmin/Nav27/ObsMap/src/RogMap_2D/install/rog_map/include/rog_map/rog_map/prob_map.h
-- Up-to-date: /home/rmadmin/Nav27/ObsMap/src/RogMap_2D/install/rog_map/share/rog_map//launch
-- Up-to-date: /home/rmadmin/Nav27/ObsMap/src/RogMap_2D/install/rog_map/share/rog_map//launch/rog_map.launch.py
-- Up-to-date: /home/rmadmin/Nav27/ObsMap/src/RogMap_2D/install/rog_map/share/rog_map//config
-- Installing: /home/rmadmin/Nav27/ObsMap/src/RogMap_2D/install/rog_map/share/rog_map//config/rog_map.yaml
-- Up-to-date: /home/rmadmin/Nav27/ObsMap/src/RogMap_2D/install/rog_map/share/rog_map//config/visualization.cfg
-- Up-to-date: /home/rmadmin/Nav27/ObsMap/src/RogMap_2D/install/rog_map/share/ament_index/resource_index/package_run_dependencies/rog_map
-- Up-to-date: /home/rmadmin/Nav27/ObsMap/src/RogMap_2D/install/rog_map/share/ament_index/resource_index/parent_prefix_path/rog_map
-- Up-to-date: /home/rmadmin/Nav27/ObsMap/src/RogMap_2D/install/rog_map/share/rog_map/environment/ament_prefix_path.sh
-- Up-to-date: /home/rmadmin/Nav27/ObsMap/src/RogMap_2D/install/rog_map/share/rog_map/environment/ament_prefix_path.dsv
-- Up-to-date: /home/rmadmin/Nav27/ObsMap/src/RogMap_2D/install/rog_map/share/rog_map/environment/path.sh
-- Up-to-date: /home/rmadmin/Nav27/ObsMap/src/RogMap_2D/install/rog_map/share/rog_map/environment/path.dsv
-- Up-to-date: /home/rmadmin/Nav27/ObsMap/src/RogMap_2D/install/rog_map/share/rog_map/local_setup.bash
-- Up-to-date: /home/rmadmin/Nav27/ObsMap/src/RogMap_2D/install/rog_map/share/rog_map/local_setup.sh
-- Up-to-date: /home/rmadmin/Nav27/ObsMap/src/RogMap_2D/install/rog_map/share/rog_map/local_setup.zsh
-- Up-to-date: /home/rmadmin/Nav27/ObsMap/src/RogMap_2D/install/rog_map/share/rog_map/local_setup.dsv
-- Installing: /home/rmadmin/Nav27/ObsMap/src/RogMap_2D/install/rog_map/share/rog_map/package.dsv
-- Up-to-date: /home/rmadmin/Nav27/ObsMap/src/RogMap_2D/install/rog_map/share/ament_index/resource_index/packages/rog_map
-- Up-to-date: /home/rmadmin/Nav27/ObsMap/src/RogMap_2D/install/rog_map/share/rog_map/cmake/rog_mapConfig.cmake
-- Up-to-date: /home/rmadmin/Nav27/ObsMap/src/RogMap_2D/install/rog_map/share/rog_map/cmake/rog_mapConfig-version.cmake
-- Up-to-date: /home/rmadmin/Nav27/ObsMap/src/RogMap_2D/install/rog_map/share/rog_map/package.xml
