[0.103s] DEBUG:colcon:Command line arguments: ['/usr/bin/colcon', 'build', '--packages-select', 'rog_map']
[0.104s] DEBUG:colcon:Parsed command line arguments: Namespace(log_base=None, log_level=None, verb_name='build', build_base='build', install_base='install', merge_install=False, symlink_install=False, test_result_base=None, continue_on_error=False, executor='parallel', parallel_workers=16, event_handlers=None, ignore_user_meta=False, metas=['./colcon.meta'], base_paths=['.'], packages_ignore=None, packages_ignore_regex=None, paths=None, packages_up_to=None, packages_up_to_regex=None, packages_above=None, packages_above_and_dependencies=None, packages_above_depth=None, packages_select_by_dep=None, packages_skip_by_dep=None, packages_skip_up_to=None, packages_select_build_failed=False, packages_skip_build_finished=False, packages_select_test_failures=False, packages_skip_test_passed=False, packages_select=['rog_map'], packages_skip=None, packages_select_regex=None, packages_skip_regex=None, packages_start=None, packages_end=None, allow_overriding=[], cmake_args=None, cmake_target=None, cmake_target_skip_unavailable=False, cmake_clean_cache=False, cmake_clean_first=False, cmake_force_configure=False, ament_cmake_args=None, catkin_cmake_args=None, catkin_skip_building_tests=False, mixin_files=None, mixin=None, verb_parser=<colcon_mixin.mixin.mixin_argument.MixinArgumentDecorator object at 0x7150a9395670>, verb_extension=<colcon_core.verb.build.BuildVerb object at 0x7150a931ef90>, main=<bound method BuildVerb.main of <colcon_core.verb.build.BuildVerb object at 0x7150a931ef90>>, mixin_verb=('build',))
[0.154s] Level 1:colcon.colcon_core.package_discovery:discover_packages(colcon_meta) check parameters
[0.155s] Level 1:colcon.colcon_core.package_discovery:discover_packages(recursive) check parameters
[0.155s] Level 1:colcon.colcon_core.package_discovery:discover_packages(ignore) check parameters
[0.155s] Level 1:colcon.colcon_core.package_discovery:discover_packages(path) check parameters
[0.155s] Level 1:colcon.colcon_core.package_discovery:discover_packages(colcon_meta) discover
[0.155s] Level 1:colcon.colcon_core.package_discovery:discover_packages(recursive) discover
[0.155s] INFO:colcon.colcon_core.package_discovery:Crawling recursively for packages in '/home/rmadmin/Nav27/ObsMap/src/RogMap_2D'
[0.156s] Level 1:colcon.colcon_core.package_identification:_identify(.) by extensions ['ignore', 'ignore_ament_install']
[0.156s] Level 1:colcon.colcon_core.package_identification:_identify(.) by extension 'ignore'
[0.156s] Level 1:colcon.colcon_core.package_identification:_identify(.) by extension 'ignore_ament_install'
[0.156s] Level 1:colcon.colcon_core.package_identification:_identify(.) by extensions ['colcon_pkg']
[0.156s] Level 1:colcon.colcon_core.package_identification:_identify(.) by extension 'colcon_pkg'
[0.156s] Level 1:colcon.colcon_core.package_identification:_identify(.) by extensions ['colcon_meta']
[0.156s] Level 1:colcon.colcon_core.package_identification:_identify(.) by extension 'colcon_meta'
[0.156s] Level 1:colcon.colcon_core.package_identification:_identify(.) by extensions ['ros']
[0.156s] Level 1:colcon.colcon_core.package_identification:_identify(.) by extension 'ros'
[0.187s] DEBUG:colcon.colcon_core.package_identification:Package '.' with type 'ros.ament_cmake' and name 'rog_map'
[0.187s] Level 1:colcon.colcon_core.package_discovery:discover_packages(recursive) using defaults
[0.187s] Level 1:colcon.colcon_core.package_discovery:discover_packages(ignore) discover
[0.187s] Level 1:colcon.colcon_core.package_discovery:discover_packages(ignore) using defaults
[0.187s] Level 1:colcon.colcon_core.package_discovery:discover_packages(path) discover
[0.187s] Level 1:colcon.colcon_core.package_discovery:discover_packages(path) using defaults
[0.212s] Level 1:colcon.colcon_core.package_discovery:discover_packages(prefix_path) check parameters
[0.212s] Level 1:colcon.colcon_core.package_discovery:discover_packages(prefix_path) discover
[0.215s] DEBUG:colcon.colcon_installed_package_information.package_discovery:Found 4 installed packages in /home/rmadmin/Nav27/ObsMap/install
[0.216s] DEBUG:colcon.colcon_installed_package_information.package_discovery:Found 1 installed packages in /home/rmadmin/Nav27/ws_livox/install
[0.217s] DEBUG:colcon.colcon_installed_package_information.package_discovery:Found 387 installed packages in /opt/ros/jazzy
[0.220s] Level 1:colcon.colcon_core.package_discovery:discover_packages(prefix_path) using defaults
[0.262s] Level 5:colcon.colcon_core.verb:set package 'rog_map' build argument 'cmake_args' from command line to 'None'
[0.262s] Level 5:colcon.colcon_core.verb:set package 'rog_map' build argument 'cmake_target' from command line to 'None'
[0.262s] Level 5:colcon.colcon_core.verb:set package 'rog_map' build argument 'cmake_target_skip_unavailable' from command line to 'False'
[0.262s] Level 5:colcon.colcon_core.verb:set package 'rog_map' build argument 'cmake_clean_cache' from command line to 'False'
[0.262s] Level 5:colcon.colcon_core.verb:set package 'rog_map' build argument 'cmake_clean_first' from command line to 'False'
[0.262s] Level 5:colcon.colcon_core.verb:set package 'rog_map' build argument 'cmake_force_configure' from command line to 'False'
[0.262s] Level 5:colcon.colcon_core.verb:set package 'rog_map' build argument 'ament_cmake_args' from command line to 'None'
[0.262s] Level 5:colcon.colcon_core.verb:set package 'rog_map' build argument 'catkin_cmake_args' from command line to 'None'
[0.262s] Level 5:colcon.colcon_core.verb:set package 'rog_map' build argument 'catkin_skip_building_tests' from command line to 'False'
[0.263s] DEBUG:colcon.colcon_core.verb:Building package 'rog_map' with the following arguments: {'ament_cmake_args': None, 'build_base': '/home/rmadmin/Nav27/ObsMap/src/RogMap_2D/build/rog_map', 'catkin_cmake_args': None, 'catkin_skip_building_tests': False, 'cmake_args': None, 'cmake_clean_cache': False, 'cmake_clean_first': False, 'cmake_force_configure': False, 'cmake_target': None, 'cmake_target_skip_unavailable': False, 'install_base': '/home/rmadmin/Nav27/ObsMap/src/RogMap_2D/install/rog_map', 'merge_install': False, 'path': '/home/rmadmin/Nav27/ObsMap/src/RogMap_2D', 'symlink_install': False, 'test_result_base': None}
[0.263s] INFO:colcon.colcon_core.executor:Executing jobs using 'parallel' executor
[0.266s] DEBUG:colcon.colcon_parallel_executor.executor.parallel:run_until_complete
[0.266s] INFO:colcon.colcon_ros.task.ament_cmake.build:Building ROS package in '/home/rmadmin/Nav27/ObsMap/src/RogMap_2D' with build type 'ament_cmake'
[0.266s] INFO:colcon.colcon_cmake.task.cmake.build:Building CMake package in '/home/rmadmin/Nav27/ObsMap/src/RogMap_2D'
[0.268s] INFO:colcon.colcon_core.plugin_system:Skipping extension 'colcon_core.shell.bat': Not used on non-Windows systems
[0.269s] INFO:colcon.colcon_core.shell:Skip shell extension 'powershell' for command environment: Not usable outside of PowerShell
[0.269s] DEBUG:colcon.colcon_core.shell:Skip shell extension 'dsv' for command environment
[0.279s] DEBUG:colcon.colcon_core.event_handler.log_command:Invoking command in '/home/rmadmin/Nav27/ObsMap/src/RogMap_2D/build/rog_map': CMAKE_PREFIX_PATH=${CMAKE_PREFIX_PATH}:/opt/ros/jazzy DEBUGINFOD_URLS=https://debuginfod.ubuntu.com /usr/bin/cmake /home/rmadmin/Nav27/ObsMap/src/RogMap_2D -DCMAKE_INSTALL_PREFIX=/home/rmadmin/Nav27/ObsMap/src/RogMap_2D/install/rog_map
[6.539s] DEBUG:colcon.colcon_core.event_handler.log_command:Invoked command in '/home/rmadmin/Nav27/ObsMap/src/RogMap_2D/build/rog_map' returned '0': CMAKE_PREFIX_PATH=${CMAKE_PREFIX_PATH}:/opt/ros/jazzy DEBUGINFOD_URLS=https://debuginfod.ubuntu.com /usr/bin/cmake /home/rmadmin/Nav27/ObsMap/src/RogMap_2D -DCMAKE_INSTALL_PREFIX=/home/rmadmin/Nav27/ObsMap/src/RogMap_2D/install/rog_map
[6.541s] DEBUG:colcon.colcon_core.event_handler.log_command:Invoking command in '/home/rmadmin/Nav27/ObsMap/src/RogMap_2D/build/rog_map': CMAKE_PREFIX_PATH=${CMAKE_PREFIX_PATH}:/opt/ros/jazzy DEBUGINFOD_URLS=https://debuginfod.ubuntu.com /usr/bin/cmake --build /home/rmadmin/Nav27/ObsMap/src/RogMap_2D/build/rog_map -- -j16 -l16
[92.816s] DEBUG:colcon.colcon_core.event_handler.log_command:Invoked command in '/home/rmadmin/Nav27/ObsMap/src/RogMap_2D/build/rog_map' returned '0': CMAKE_PREFIX_PATH=${CMAKE_PREFIX_PATH}:/opt/ros/jazzy DEBUGINFOD_URLS=https://debuginfod.ubuntu.com /usr/bin/cmake --build /home/rmadmin/Nav27/ObsMap/src/RogMap_2D/build/rog_map -- -j16 -l16
[92.836s] DEBUG:colcon.colcon_core.event_handler.log_command:Invoking command in '/home/rmadmin/Nav27/ObsMap/src/RogMap_2D/build/rog_map': CMAKE_PREFIX_PATH=${CMAKE_PREFIX_PATH}:/opt/ros/jazzy DEBUGINFOD_URLS=https://debuginfod.ubuntu.com /usr/bin/cmake --install /home/rmadmin/Nav27/ObsMap/src/RogMap_2D/build/rog_map
[92.921s] Level 1:colcon.colcon_core.environment:create_environment_scripts_only(rog_map)
[92.922s] DEBUG:colcon.colcon_core.event_handler.log_command:Invoked command in '/home/rmadmin/Nav27/ObsMap/src/RogMap_2D/build/rog_map' returned '0': CMAKE_PREFIX_PATH=${CMAKE_PREFIX_PATH}:/opt/ros/jazzy DEBUGINFOD_URLS=https://debuginfod.ubuntu.com /usr/bin/cmake --install /home/rmadmin/Nav27/ObsMap/src/RogMap_2D/build/rog_map
[92.923s] Level 1:colcon.colcon_core.environment:checking '/home/rmadmin/Nav27/ObsMap/src/RogMap_2D/install/rog_map' for CMake module files
[92.923s] Level 1:colcon.colcon_core.environment:checking '/home/rmadmin/Nav27/ObsMap/src/RogMap_2D/install/rog_map' for CMake config files
[92.924s] Level 1:colcon.colcon_core.shell:create_environment_hook('rog_map', 'cmake_prefix_path')
[92.924s] INFO:colcon.colcon_core.shell:Creating environment hook '/home/rmadmin/Nav27/ObsMap/src/RogMap_2D/install/rog_map/share/rog_map/hook/cmake_prefix_path.ps1'
[92.924s] INFO:colcon.colcon_core.shell:Creating environment descriptor '/home/rmadmin/Nav27/ObsMap/src/RogMap_2D/install/rog_map/share/rog_map/hook/cmake_prefix_path.dsv'
[92.925s] INFO:colcon.colcon_core.shell:Creating environment hook '/home/rmadmin/Nav27/ObsMap/src/RogMap_2D/install/rog_map/share/rog_map/hook/cmake_prefix_path.sh'
[92.925s] Level 1:colcon.colcon_core.environment:checking '/home/rmadmin/Nav27/ObsMap/src/RogMap_2D/install/rog_map/lib'
[92.925s] Level 1:colcon.colcon_core.environment:checking '/home/rmadmin/Nav27/ObsMap/src/RogMap_2D/install/rog_map/bin'
[92.925s] Level 1:colcon.colcon_core.environment:checking '/home/rmadmin/Nav27/ObsMap/src/RogMap_2D/install/rog_map/lib/pkgconfig/rog_map.pc'
[92.925s] Level 1:colcon.colcon_core.environment:checking '/home/rmadmin/Nav27/ObsMap/src/RogMap_2D/install/rog_map/lib/python3.12/site-packages'
[92.926s] Level 1:colcon.colcon_core.environment:checking '/home/rmadmin/Nav27/ObsMap/src/RogMap_2D/install/rog_map/bin'
[92.926s] INFO:colcon.colcon_core.shell:Creating package script '/home/rmadmin/Nav27/ObsMap/src/RogMap_2D/install/rog_map/share/rog_map/package.ps1'
[92.926s] INFO:colcon.colcon_core.shell:Creating package descriptor '/home/rmadmin/Nav27/ObsMap/src/RogMap_2D/install/rog_map/share/rog_map/package.dsv'
[92.927s] INFO:colcon.colcon_core.shell:Creating package script '/home/rmadmin/Nav27/ObsMap/src/RogMap_2D/install/rog_map/share/rog_map/package.sh'
[92.927s] INFO:colcon.colcon_core.shell:Creating package script '/home/rmadmin/Nav27/ObsMap/src/RogMap_2D/install/rog_map/share/rog_map/package.bash'
[92.927s] INFO:colcon.colcon_core.shell:Creating package script '/home/rmadmin/Nav27/ObsMap/src/RogMap_2D/install/rog_map/share/rog_map/package.zsh'
[92.927s] Level 1:colcon.colcon_core.environment:create_file_with_runtime_dependencies(/home/rmadmin/Nav27/ObsMap/src/RogMap_2D/install/rog_map/share/colcon-core/packages/rog_map)
[92.928s] Level 1:colcon.colcon_core.environment:create_environment_scripts_only(rog_map)
[92.928s] Level 1:colcon.colcon_core.environment:checking '/home/rmadmin/Nav27/ObsMap/src/RogMap_2D/install/rog_map' for CMake module files
[92.928s] Level 1:colcon.colcon_core.environment:checking '/home/rmadmin/Nav27/ObsMap/src/RogMap_2D/install/rog_map' for CMake config files
[92.928s] Level 1:colcon.colcon_core.shell:create_environment_hook('rog_map', 'cmake_prefix_path')
[92.928s] INFO:colcon.colcon_core.shell:Creating environment hook '/home/rmadmin/Nav27/ObsMap/src/RogMap_2D/install/rog_map/share/rog_map/hook/cmake_prefix_path.ps1'
[92.929s] INFO:colcon.colcon_core.shell:Creating environment descriptor '/home/rmadmin/Nav27/ObsMap/src/RogMap_2D/install/rog_map/share/rog_map/hook/cmake_prefix_path.dsv'
[92.929s] INFO:colcon.colcon_core.shell:Creating environment hook '/home/rmadmin/Nav27/ObsMap/src/RogMap_2D/install/rog_map/share/rog_map/hook/cmake_prefix_path.sh'
[92.929s] Level 1:colcon.colcon_core.environment:checking '/home/rmadmin/Nav27/ObsMap/src/RogMap_2D/install/rog_map/lib'
[92.929s] Level 1:colcon.colcon_core.environment:checking '/home/rmadmin/Nav27/ObsMap/src/RogMap_2D/install/rog_map/bin'
[92.929s] Level 1:colcon.colcon_core.environment:checking '/home/rmadmin/Nav27/ObsMap/src/RogMap_2D/install/rog_map/lib/pkgconfig/rog_map.pc'
[92.929s] Level 1:colcon.colcon_core.environment:checking '/home/rmadmin/Nav27/ObsMap/src/RogMap_2D/install/rog_map/lib/python3.12/site-packages'
[92.930s] Level 1:colcon.colcon_core.environment:checking '/home/rmadmin/Nav27/ObsMap/src/RogMap_2D/install/rog_map/bin'
[92.930s] INFO:colcon.colcon_core.shell:Creating package script '/home/rmadmin/Nav27/ObsMap/src/RogMap_2D/install/rog_map/share/rog_map/package.ps1'
[92.930s] INFO:colcon.colcon_core.shell:Creating package descriptor '/home/rmadmin/Nav27/ObsMap/src/RogMap_2D/install/rog_map/share/rog_map/package.dsv'
[92.930s] INFO:colcon.colcon_core.shell:Creating package script '/home/rmadmin/Nav27/ObsMap/src/RogMap_2D/install/rog_map/share/rog_map/package.sh'
[92.931s] INFO:colcon.colcon_core.shell:Creating package script '/home/rmadmin/Nav27/ObsMap/src/RogMap_2D/install/rog_map/share/rog_map/package.bash'
[92.931s] INFO:colcon.colcon_core.shell:Creating package script '/home/rmadmin/Nav27/ObsMap/src/RogMap_2D/install/rog_map/share/rog_map/package.zsh'
[92.931s] Level 1:colcon.colcon_core.environment:create_file_with_runtime_dependencies(/home/rmadmin/Nav27/ObsMap/src/RogMap_2D/install/rog_map/share/colcon-core/packages/rog_map)
[92.931s] DEBUG:colcon.colcon_parallel_executor.executor.parallel:closing loop
[92.932s] DEBUG:colcon.colcon_parallel_executor.executor.parallel:loop closed
[92.932s] DEBUG:colcon.colcon_parallel_executor.executor.parallel:run_until_complete finished with '0'
[92.932s] DEBUG:colcon.colcon_core.event_reactor:joining thread
[92.933s] DEBUG:colcon.colcon_core.event_reactor:joined thread
[92.933s] INFO:colcon.colcon_core.shell:Creating prefix script '/home/rmadmin/Nav27/ObsMap/src/RogMap_2D/install/local_setup.ps1'
[92.933s] INFO:colcon.colcon_core.shell:Creating prefix util module '/home/rmadmin/Nav27/ObsMap/src/RogMap_2D/install/_local_setup_util_ps1.py'
[92.934s] INFO:colcon.colcon_core.shell:Creating prefix chain script '/home/rmadmin/Nav27/ObsMap/src/RogMap_2D/install/setup.ps1'
[92.934s] INFO:colcon.colcon_core.shell:Creating prefix script '/home/rmadmin/Nav27/ObsMap/src/RogMap_2D/install/local_setup.sh'
[92.935s] INFO:colcon.colcon_core.shell:Creating prefix util module '/home/rmadmin/Nav27/ObsMap/src/RogMap_2D/install/_local_setup_util_sh.py'
[92.935s] INFO:colcon.colcon_core.shell:Creating prefix chain script '/home/rmadmin/Nav27/ObsMap/src/RogMap_2D/install/setup.sh'
[92.936s] INFO:colcon.colcon_core.shell:Creating prefix script '/home/rmadmin/Nav27/ObsMap/src/RogMap_2D/install/local_setup.bash'
[92.937s] INFO:colcon.colcon_core.shell:Creating prefix chain script '/home/rmadmin/Nav27/ObsMap/src/RogMap_2D/install/setup.bash'
[92.938s] INFO:colcon.colcon_core.shell:Creating prefix script '/home/rmadmin/Nav27/ObsMap/src/RogMap_2D/install/local_setup.zsh'
[92.938s] INFO:colcon.colcon_core.shell:Creating prefix chain script '/home/rmadmin/Nav27/ObsMap/src/RogMap_2D/install/setup.zsh'
